[www.ramya.work/index.html]
[backblue.gif]
[fade.gif]
[index.html]
[www.ramya.work/speaking.html]
[www.ramya.work/contact.html]
[www.ramya.work/kards.html]
[www.ramya.work/smartsheet.html]
[www.ramya.work/cirkledin.html]
[www.ramya.work/smartsheet-onboarding.html]
[www.ramya.work/offtherecord.html]
[www.ramya.work/product-strategy.html]
[www.ramya.work/passion.html]
[www.ramya.work/smartsheet.a.delayed]
[www.ramya.work/cirkledin.b.delayed]
[www.ramya.work/index.html]
[www.ramya.work/speaking.html]
[www.ramya.work/contact.html]
[www.ramya.work/smartsheet.html]
[www.ramya.work/home.html]
[www.ramya.work/_/www.youtube.com/embed/Tifc63nhD-Y.1174d2.delayed]
[www.ramya.work/kards.html]
[www.ramya.work/offtherecord.html]
[www.ramya.work/cirkledin.html]
[www.ramya.work/smartsheet-onboarding.html]
[www.ramya.work/product-strategy.html]
[www.ramya.work/passion.html]
[www.ramya.work/www.offtherecord.html]
[www.ramya.work/smartsheet-2.html]
[www.ramya.work/cirkledin-2.html]
[www.ramya.work/_https_/www.youtube.com/embed/GDVZ394Htxga85f.html]
[www.ramya.work/_https_/www.youtube.com/embed/9IKT3Ld4ldsa85f.html]
[www.ramya.work/home.html]
[www.ramya.work/_/www.youtube.com/embed/Tifc63nhD-Yfbfb.html]
[www.ramya.work/_/www.youtube.com/embed/Tifc63nhD-Y74d2.html]
